Abstract is a nan in the 0th paper, DOI: 10.1038/s41467-022-29419-w.
Abstract is a nan in the 5th paper, DOI: 10.1038/s41467-022-29509-9.
Abstract is a nan in the 53th paper, DOI: 10.1523/JNEUROSCI.2305-21.2022.
Abstract is a nan in the 54th paper, DOI: 10.1523/JNEUROSCI.2212-21.2022.
Title is a nan in the 91th paper, DOI: 10.1073/pnas.2116136119.
Abstract is a nan in the 114th paper, DOI: 10.1038/s41593-022-01028-2.
Abstract is a nan in the 161th paper, DOI: 10.1038/s41593-022-01015-7.
Abstract is a nan in the 164th paper, DOI: 10.1038/s41593-022-01035-3.
Abstract is a nan in the 165th paper, DOI: 10.1038/s41593-022-01037-1.
Abstract is a nan in the 166th paper, DOI: 10.1038/s41593-022-01034-4.
Abstract is a nan in the 167th paper, DOI: 10.1038/s41593-022-01036-2.
Abstract is a nan in the 179th paper, DOI: 10.1073/pnas.2120782119.
Abstract is a nan in the 201th paper, DOI: 10.1523/JNEUROSCI.1953-21.2022.
Abstract is a nan in the 202th paper, DOI: 10.1523/JNEUROSCI.2250-21.2022.
Abstract is a nan in the 0th paper, DOI: 10.1038/s41467-022-29419-w.
Abstract is a nan in the 5th paper, DOI: 10.1038/s41467-022-29509-9.
Abstract is a nan in the 53th paper, DOI: 10.1523/JNEUROSCI.2305-21.2022.
Abstract is a nan in the 54th paper, DOI: 10.1523/JNEUROSCI.2212-21.2022.
Title is a nan in the 91th paper, DOI: 10.1073/pnas.2116136119.
Abstract is a nan in the 114th paper, DOI: 10.1038/s41593-022-01028-2.
Abstract is a nan in the 161th paper, DOI: 10.1038/s41593-022-01015-7.
Abstract is a nan in the 164th paper, DOI: 10.1038/s41593-022-01035-3.
Abstract is a nan in the 165th paper, DOI: 10.1038/s41593-022-01037-1.
Abstract is a nan in the 166th paper, DOI: 10.1038/s41593-022-01034-4.
Abstract is a nan in the 167th paper, DOI: 10.1038/s41593-022-01036-2.
Abstract is a nan in the 179th paper, DOI: 10.1073/pnas.2120782119.
Abstract is a nan in the 201th paper, DOI: 10.1523/JNEUROSCI.1953-21.2022.
Abstract is a nan in the 202th paper, DOI: 10.1523/JNEUROSCI.2250-21.2022.
Abstract is a nan in the 0th paper, DOI: 10.1038/s41467-022-29419-w.
Abstract is a nan in the 5th paper, DOI: 10.1038/s41467-022-29509-9.
Abstract is a nan in the 53th paper, DOI: 10.1523/JNEUROSCI.2305-21.2022.
Abstract is a nan in the 54th paper, DOI: 10.1523/JNEUROSCI.2212-21.2022.
Title is a nan in the 91th paper, DOI: 10.1073/pnas.2116136119.
Abstract is a nan in the 114th paper, DOI: 10.1038/s41593-022-01028-2.
Abstract is a nan in the 161th paper, DOI: 10.1038/s41593-022-01015-7.
Abstract is a nan in the 164th paper, DOI: 10.1038/s41593-022-01035-3.
Abstract is a nan in the 165th paper, DOI: 10.1038/s41593-022-01037-1.
Abstract is a nan in the 166th paper, DOI: 10.1038/s41593-022-01034-4.
Abstract is a nan in the 167th paper, DOI: 10.1038/s41593-022-01036-2.
Abstract is a nan in the 179th paper, DOI: 10.1073/pnas.2120782119.
Abstract is a nan in the 201th paper, DOI: 10.1523/JNEUROSCI.1953-21.2022.
Abstract is a nan in the 202th paper, DOI: 10.1523/JNEUROSCI.2250-21.2022.
Result is a nan in the 1th paper, DOI: 10.7554/eLife.71469.
Method is a nan in the 5th paper, DOI: 10.1038/s41467-022-28530-2.
Method is a nan in the 10th paper, DOI: 10.1016/j.celrep.2022.110565.
Method is a nan in the 19th paper, DOI: 10.1016/j.celrep.2022.110580.
Method is a nan in the 20th paper, DOI: 10.1016/j.celrep.2022.110588.
Method is a nan in the 21th paper, DOI: 10.7554/eLife.76464.
Result is a nan in the 35th paper, DOI: 10.7554/eLife.76003.
Result is a nan in the 42th paper, DOI: 10.1016/j.neuron.2022.02.019.
Result is a nan in the 43th paper, DOI: 10.1016/j.neuron.2022.02.021.
Result is a nan in the 44th paper, DOI: 10.1016/j.neuron.2022.02.023.
Result is a nan in the 45th paper, DOI: 10.1073/pnas.2109717119.
Result is a nan in the 46th paper, DOI: 10.1073/pnas.2115857119.
Method is a nan in the 49th paper, DOI: 10.7554/eLife.77550.
Method is a nan in the 50th paper, DOI: 10.7554/eLife.73153.
Method is a nan in the 57th paper, DOI: 10.1038/s41467-022-28896-3.
Method is a nan in the 59th paper, DOI: 10.7554/eLife.74056.
Method is a nan in the 60th paper, DOI: 10.1073/pnas.2122501119.
Method is a nan in the 65th paper, DOI: 10.7554/eLife.74334.
Background is a nan in the 66th paper, DOI: 10.7554/eLife.77544.
Background is a nan in the 72th paper, DOI: 10.1126/sciadv.abm3877.
Result is a nan in the 74th paper, DOI: 10.1038/s41467-022-28983-5.
Method is a nan in the 75th paper, DOI: 10.1038/s41467-022-29229-0.
Result is a nan in the 86th paper, DOI: 10.1073/pnas.2118903119.
Result is a nan in the 89th paper, DOI: 10.7554/eLife.73511.
Method is a nan in the 90th paper, DOI: 10.7554/eLife.75230.
Result is a nan in the 96th paper, DOI: 10.7554/eLife.76579.
Method is a nan in the 100th paper, DOI: 10.7554/eLife.72416.
Result is a nan in the 106th paper, DOI: 10.1126/sciadv.abj0112.
Result is a nan in the 112th paper, DOI: 10.1016/j.neuron.2022.02.004.
Method is a nan in the 113th paper, DOI: 10.1016/j.neuron.2022.02.007.
Result is a nan in the 114th paper, DOI: 10.7554/eLife.74923.
Method is a nan in the 115th paper, DOI: 10.7554/eLife.73718.
Result is a nan in the 127th paper, DOI: 10.1073/pnas.2119891119.
Method is a nan in the 133th paper, DOI: 10.7554/eLife.72468.
Result is a nan in the 135th paper, DOI: 10.1038/s41467-022-28608-x.
Method is a nan in the 137th paper, DOI: 10.7554/eLife.69776.
Method is a nan in the 140th paper, DOI: 10.1016/j.celrep.2022.110475.
Method is a nan in the 143th paper, DOI: 10.7554/eLife.74937.
Result is a nan in the 149th paper, DOI: 10.7554/eLife.55199.
Result is a nan in the 157th paper, DOI: 10.7554/eLife.77177.
Background is a nan in the 169th paper, DOI: 10.1073/pnas.2111283119.
Method is a nan in the 171th paper, DOI: 10.7554/eLife.73557.
Result is a nan in the 174th paper, DOI: 10.7554/eLife.76712.
Background is a nan in the 178th paper, DOI: 10.1038/s41467-022-28808-5.
Method is a nan in the 180th paper, DOI: 10.1126/sciadv.abn3264.
Result is a nan in the 182th paper, DOI: 10.7554/eLife.75523.
Method is a nan in the 187th paper, DOI: 10.7554/eLife.75140.
Result is a nan in the 188th paper, DOI: 10.1038/s41467-022-28844-1.
Abstract is a nan in the 0th paper, DOI: 10.1038/s41467-022-29419-w.
Abstract is a nan in the 5th paper, DOI: 10.1038/s41467-022-29509-9.
Abstract is a nan in the 53th paper, DOI: 10.1523/JNEUROSCI.2305-21.2022.
Abstract is a nan in the 54th paper, DOI: 10.1523/JNEUROSCI.2212-21.2022.
Title is a nan in the 91th paper, DOI: 10.1073/pnas.2116136119.
Abstract is a nan in the 114th paper, DOI: 10.1038/s41593-022-01028-2.
Abstract is a nan in the 161th paper, DOI: 10.1038/s41593-022-01015-7.
Abstract is a nan in the 164th paper, DOI: 10.1038/s41593-022-01035-3.
Abstract is a nan in the 165th paper, DOI: 10.1038/s41593-022-01037-1.
Abstract is a nan in the 166th paper, DOI: 10.1038/s41593-022-01034-4.
Abstract is a nan in the 167th paper, DOI: 10.1038/s41593-022-01036-2.
Abstract is a nan in the 179th paper, DOI: 10.1073/pnas.2120782119.
Abstract is a nan in the 201th paper, DOI: 10.1523/JNEUROSCI.1953-21.2022.
Abstract is a nan in the 202th paper, DOI: 10.1523/JNEUROSCI.2250-21.2022.
Abstract is a nan in the 203th paper, DOI: 10.1038/s41467-022-29419-w.
Abstract is a nan in the 208th paper, DOI: 10.1038/s41467-022-29509-9.
Abstract is a nan in the 241th paper, DOI: 10.1523/JNEUROSCI.2982-18.2019.
Abstract is a nan in the 295th paper, DOI: 10.1523/JNEUROSCI.2305-21.2022.
Abstract is a nan in the 296th paper, DOI: 10.1523/JNEUROSCI.2212-21.2022.
Abstract is a nan in the 319th paper, DOI: 10.1523/JNEUROSCI.2926-18.2019.
Title is a nan in the 353th paper, DOI: 10.1073/pnas.2116136119.
Abstract is a nan in the 366th paper, DOI: 10.1523/JNEUROSCI.2894-18.2019.
Abstract is a nan in the 388th paper, DOI: 10.1038/s41593-022-01028-2.
Abstract is a nan in the 418th paper, DOI: 10.1038/s41593-019-0346-y.
Abstract is a nan in the 419th paper, DOI: 10.1038/s41593-019-0345-z.
Abstract is a nan in the 420th paper, DOI: 10.1038/s41593-019-0343-1.
Abstract is a nan in the 430th paper, DOI: 10.1038/s41467-022-29419-w.
Abstract is a nan in the 435th paper, DOI: 10.1038/s41467-022-29509-9.
Abstract is a nan in the 483th paper, DOI: 10.1523/JNEUROSCI.2305-21.2022.
Abstract is a nan in the 484th paper, DOI: 10.1523/JNEUROSCI.2212-21.2022.
Title is a nan in the 521th paper, DOI: 10.1073/pnas.2116136119.
Abstract is a nan in the 544th paper, DOI: 10.1038/s41593-022-01028-2.
Abstract is a nan in the 591th paper, DOI: 10.1038/s41593-022-01015-7.
Abstract is a nan in the 594th paper, DOI: 10.1038/s41593-022-01035-3.
Abstract is a nan in the 595th paper, DOI: 10.1038/s41593-022-01037-1.
Abstract is a nan in the 596th paper, DOI: 10.1038/s41593-022-01034-4.
Abstract is a nan in the 597th paper, DOI: 10.1038/s41593-022-01036-2.
Abstract is a nan in the 609th paper, DOI: 10.1073/pnas.2120782119.
Abstract is a nan in the 631th paper, DOI: 10.1523/JNEUROSCI.1953-21.2022.
Abstract is a nan in the 632th paper, DOI: 10.1523/JNEUROSCI.2250-21.2022.
Abstract is a nan in the 650th paper, DOI: 10.1038/s41593-022-01015-7.
Abstract is a nan in the 653th paper, DOI: 10.1038/s41593-022-01035-3.
Abstract is a nan in the 654th paper, DOI: 10.1038/s41593-022-01037-1.
Abstract is a nan in the 655th paper, DOI: 10.1038/s41593-022-01034-4.
Abstract is a nan in the 656th paper, DOI: 10.1038/s41593-022-01036-2.
Abstract is a nan in the 668th paper, DOI: 10.1073/pnas.2120782119.
Abstract is a nan in the 690th paper, DOI: 10.1523/JNEUROSCI.1953-21.2022.
Abstract is a nan in the 691th paper, DOI: 10.1523/JNEUROSCI.2250-21.2022.
Abstract is a nan in the 710th paper, DOI: 10.1523/JNEUROSCI.2524-18.2018.
