Error on abstract 38:
invalid syntax (<string>, line 1)
Response: ```json
{
    "Opposite_Outcome": "Even in cases without overt neocortical tau neuropathology, substantial hippocampal and neocortical tau seeding occurred in both PART and ADNC and predicted improvement in region-specific cognitive performance over time. Notably, tau seeding and PTM profiles were associated with Aβ neuritic plaque density and differentiated ADNC from PART in neocortex. Our data indicate that tau seed modifications meaningfully relate to disease trajectory, potentially explaining the more severe cognitive dysfunction observed in late-stage AD versus PART.",
    
    "Incorrect_Causal_Relationship": "Even in cases without overt neocortical tau neuropathology, substantial hippocampal and neocortical tau seeding occurred in both PART and ADNC and predicted region-specific cognitive performance and longitudinal decline. Notably, Aβ neuritic plaque density was associated with tau seeding and PTM profiles and differentiated ADNC from PART in neocortex. Our data indicate that tau seed modifications meaningfully relate to disease trajectory, potentially explaining the more severe cognitive dysfunction observed in late-stage AD versus PART.",

    "Factor_Misattribution": "Even in cases without overt neocortical tau neuropathology, substantial hippocampal and neocortical tau seeding occurred in both PART and ADNC and predicted region-specific cognitive performance and longitudinal decline. Notably, tau seeding and PTM profiles were associated with serotonin levels and differentiated ADNC from PART in neocortex. Our data indicate that tau seed modifications meaningfully relate to disease trajectory, potentially explaining the more severe cognitive dysfunction observed in late-stage AD versus PART.",

    "Balderdash": "Even in cases without overt neocortical tau neuropathology, substantial hippocampal and neocortical tau seeding occurred in both PART and ADNC and predicted region-specific cognitive performance and longitudinal decline. Remarkably, the alignment of tau seed profiles with cosmic neutrino interactions was unprecedented and differentiated ADNC from PART in neocortex. Our data indicate that tau seed modifications meaningfully relate to disease trajectory, potentially explaining the more severe cognitive dysfunction observed in late-stage AD versus PART."
}
```
Error on abstract 81:
invalid syntax (<string>, line 1)
Response: ```json
{
    "Opposite_Outcome": "We found that anxiogenic experiences activated the vH but that this activity decreased with increasing anxiety levels. We identified two processes that contributed to this scaling of anxiety-related activity: increased tuning and successive remapping of neurons to the anxiogenic compartment. Moreover, optogenetic inhibition of the vH reduced anxiety across different levels, while anxiety-related activity scaling could be decoded using a linear classifier. Collectively, our findings position the vH as a critical limbic region that functions as an \"anxiometer\" by scaling its activity based on perceived anxiety levels. Our discoveries go beyond the traditional theory of cognitive maps in the hippocampus underlying spatial navigation and memory, by identifying hippocampal mechanisms selectively regulating anxiety.",
    
    "Incorrect_Causal_Relationship": "We found that anxiogenic experiences activated the vH and that increasing anxiety levels led to the activation of the vH. We identified two processes that contributed to this scaling of anxiety-related activity: increased tuning and successive remapping of neurons to the anxiogenic compartment. Moreover, optogenetic inhibition of the vH reduced anxiety across different levels, while anxiety-related activity scaling could be decoded using a linear classifier. Collectively, our findings position the vH as a critical limbic region that functions as an \"anxiometer\" by scaling its activity based on perceived anxiety levels. Our discoveries go beyond the traditional theory of cognitive maps in the hippocampus underlying spatial navigation and memory, by identifying hippocampal mechanisms selectively regulating anxiety.",
    
    "Factor_Misattribution": "We found that anxiogenic experiences activated the vH and that this activity scaled with increasing anxiety levels. We identified two processes that contributed to this scaling of anxiety-related activity: increased dopamine levels and successive remapping of neurons to the anxiogenic compartment. Moreover, optogenetic inhibition of the vH reduced anxiety across different levels, while anxiety-related activity scaling could be decoded using a linear classifier. Collectively, our findings position the vH as a critical limbic region that functions as an \"anxiometer\" by scaling its activity based on perceived anxiety levels. Our discoveries go beyond the traditional theory of cognitive maps in the hippocampus underlying spatial navigation and memory, by identifying hippocampal mechanisms selectively regulating anxiety.",
    
    "Balderdash": "We found that anxiogenic experiences activated the vH and that this activity scaled with increasing anxiety levels. We identified two processes that contributed to this scaling of anxiety-related activity: increased tuning and successive remapping of neurons to the anxiogenic compartment. Interestingly, we discovered that the vH's activity could predict lunar phases with impressive accuracy, while anxiety-related activity scaling could be decoded using a linear classifier. Collectively, our findings position the vH as a critical limbic region that functions as an \"anxiometer\" by scaling its activity based on perceived anxiety levels. Our discoveries go beyond the traditional theory of cognitive maps in the hippocampus underlying spatial navigation and memory, by identifying hippocampal mechanisms selectively regulating anxiety."
}
```
