Abstract is a nan in the 44th paper, DOI: 10.1113/JP288408.
Abstract is a nan in the 44th paper, DOI: 10.1113/JP288408.
Abstract is a nan in the 44th paper, DOI: 10.1113/JP288408.
Abstract is a nan in the 44th paper, DOI: 10.1113/JP288408.
Abstract is a nan in the 44th paper, DOI: 10.1113/JP288408.
Method is a nan in the 2th paper, DOI: 10.1016/j.neuron.2025.03.002.
Method is a nan in the 4th paper, DOI: 10.1016/j.neuron.2025.02.029.
Method is a nan in the 7th paper, DOI: 10.7554/eLife.106507.
Result is a nan in the 16th paper, DOI: 10.1038/s41467-025-57952-x.
Result is a nan in the 26th paper, DOI: 10.7554/eLife.100822.
Method is a nan in the 27th paper, DOI: 10.1126/sciadv.adt0780.
Result is a nan in the 28th paper, DOI: 10.1073/pnas.2402117122.
Method is a nan in the 39th paper, DOI: 10.7554/eLife.105446.
Method is a nan in the 47th paper, DOI: 10.1073/pnas.2421717122.
Background is a nan in the 54th paper, DOI: 10.1073/pnas.2410436122.
Method is a nan in the 61th paper, DOI: 10.1016/j.neuron.2025.01.003.
Result is a nan in the 63th paper, DOI: 10.1126/sciadv.adq8336.
Background is a nan in the 64th paper, DOI: 10.1523/JNEUROSCI.0444-24.2025.
Result is a nan in the 69th paper, DOI: 10.1038/s41467-024-55576-1.
Result is a nan in the 75th paper, DOI: 10.1523/JNEUROSCI.1626-24.2024.
Result is a nan in the 78th paper, DOI: 10.1038/s41593-024-01829-7.
Result is a nan in the 82th paper, DOI: 10.1523/JNEUROSCI.0298-24.2024.
Result is a nan in the 85th paper, DOI: 10.1523/JNEUROSCI.0760-24.2024.
Method is a nan in the 87th paper, DOI: 10.1523/JNEUROSCI.1216-24.2024.
Method is a nan in the 100th paper, DOI: 10.1073/pnas.2416214122.
Method is a nan in the 101th paper, DOI: 10.1523/JNEUROSCI.1889-24.2025.
Method is a nan in the 106th paper, DOI: 10.7554/eLife.105633.
Method is a nan in the 109th paper, DOI: 10.1016/j.neuron.2024.12.022.
Background is a nan in the 112th paper, DOI: 10.1016/j.neuron.2024.12.027.
Method is a nan in the 114th paper, DOI: 10.1523/JNEUROSCI.1889-24.2025.
Method is a nan in the 117th paper, DOI: 10.1016/j.neuron.2024.12.022.
Method is a nan in the 119th paper, DOI: 10.7554/eLife.105633.
Background is a nan in the 121th paper, DOI: 10.1016/j.neuron.2024.12.027.
Method is a nan in the 129th paper, DOI: 10.1016/j.celrep.2024.115218.
Result is a nan in the 133th paper, DOI: 10.7554/eLife.99642.
Abstract is a nan in the 44th paper, DOI: 10.1113/JP288408.
Method is a nan in the 2th paper, DOI: 10.1016/j.neuron.2025.03.002.
Method is a nan in the 4th paper, DOI: 10.1016/j.neuron.2025.02.029.
Method is a nan in the 7th paper, DOI: 10.7554/eLife.106507.
Result is a nan in the 16th paper, DOI: 10.1038/s41467-025-57952-x.
Result is a nan in the 26th paper, DOI: 10.7554/eLife.100822.
Method is a nan in the 27th paper, DOI: 10.1126/sciadv.adt0780.
Result is a nan in the 28th paper, DOI: 10.1073/pnas.2402117122.
Method is a nan in the 39th paper, DOI: 10.7554/eLife.105446.
Method is a nan in the 47th paper, DOI: 10.1073/pnas.2421717122.
Background is a nan in the 54th paper, DOI: 10.1073/pnas.2410436122.
Method is a nan in the 61th paper, DOI: 10.1016/j.neuron.2025.01.003.
Result is a nan in the 63th paper, DOI: 10.1126/sciadv.adq8336.
Background is a nan in the 64th paper, DOI: 10.1523/JNEUROSCI.0444-24.2025.
Result is a nan in the 69th paper, DOI: 10.1038/s41467-024-55576-1.
Result is a nan in the 75th paper, DOI: 10.1523/JNEUROSCI.1626-24.2024.
Result is a nan in the 78th paper, DOI: 10.1038/s41593-024-01829-7.
Result is a nan in the 82th paper, DOI: 10.1523/JNEUROSCI.0298-24.2024.
Result is a nan in the 85th paper, DOI: 10.1523/JNEUROSCI.0760-24.2024.
Method is a nan in the 87th paper, DOI: 10.1523/JNEUROSCI.1216-24.2024.
Method is a nan in the 100th paper, DOI: 10.1073/pnas.2416214122.
Method is a nan in the 101th paper, DOI: 10.1523/JNEUROSCI.1889-24.2025.
Method is a nan in the 106th paper, DOI: 10.7554/eLife.105633.
Method is a nan in the 109th paper, DOI: 10.1016/j.neuron.2024.12.022.
Background is a nan in the 112th paper, DOI: 10.1016/j.neuron.2024.12.027.
Method is a nan in the 114th paper, DOI: 10.1523/JNEUROSCI.1889-24.2025.
Method is a nan in the 117th paper, DOI: 10.1016/j.neuron.2024.12.022.
Method is a nan in the 119th paper, DOI: 10.7554/eLife.105633.
Background is a nan in the 121th paper, DOI: 10.1016/j.neuron.2024.12.027.
Method is a nan in the 129th paper, DOI: 10.1016/j.celrep.2024.115218.
Result is a nan in the 133th paper, DOI: 10.7554/eLife.99642.
Abstract is a nan in the 44th paper, DOI: 10.1113/JP288408.
Method is a nan in the 2th paper, DOI: 10.1016/j.neuron.2025.03.002.
Method is a nan in the 4th paper, DOI: 10.1016/j.neuron.2025.02.029.
Method is a nan in the 7th paper, DOI: 10.7554/eLife.106507.
Result is a nan in the 16th paper, DOI: 10.1038/s41467-025-57952-x.
Result is a nan in the 26th paper, DOI: 10.7554/eLife.100822.
Method is a nan in the 27th paper, DOI: 10.1126/sciadv.adt0780.
Result is a nan in the 28th paper, DOI: 10.1073/pnas.2402117122.
Method is a nan in the 39th paper, DOI: 10.7554/eLife.105446.
Method is a nan in the 47th paper, DOI: 10.1073/pnas.2421717122.
Background is a nan in the 54th paper, DOI: 10.1073/pnas.2410436122.
Method is a nan in the 61th paper, DOI: 10.1016/j.neuron.2025.01.003.
Result is a nan in the 63th paper, DOI: 10.1126/sciadv.adq8336.
Background is a nan in the 64th paper, DOI: 10.1523/JNEUROSCI.0444-24.2025.
Result is a nan in the 69th paper, DOI: 10.1038/s41467-024-55576-1.
Result is a nan in the 75th paper, DOI: 10.1523/JNEUROSCI.1626-24.2024.
Result is a nan in the 78th paper, DOI: 10.1038/s41593-024-01829-7.
Result is a nan in the 82th paper, DOI: 10.1523/JNEUROSCI.0298-24.2024.
Result is a nan in the 85th paper, DOI: 10.1523/JNEUROSCI.0760-24.2024.
Method is a nan in the 87th paper, DOI: 10.1523/JNEUROSCI.1216-24.2024.
Method is a nan in the 100th paper, DOI: 10.1073/pnas.2416214122.
Method is a nan in the 101th paper, DOI: 10.1523/JNEUROSCI.1889-24.2025.
Method is a nan in the 106th paper, DOI: 10.7554/eLife.105633.
Method is a nan in the 109th paper, DOI: 10.1016/j.neuron.2024.12.022.
Background is a nan in the 112th paper, DOI: 10.1016/j.neuron.2024.12.027.
Method is a nan in the 114th paper, DOI: 10.1523/JNEUROSCI.1889-24.2025.
Method is a nan in the 117th paper, DOI: 10.1016/j.neuron.2024.12.022.
Method is a nan in the 119th paper, DOI: 10.7554/eLife.105633.
Background is a nan in the 121th paper, DOI: 10.1016/j.neuron.2024.12.027.
Method is a nan in the 129th paper, DOI: 10.1016/j.celrep.2024.115218.
Result is a nan in the 133th paper, DOI: 10.7554/eLife.99642.
